log file /etc/frr/frr.log 
log timestamp precision 3
hostname hostname
ip nht resolve-via-default
ipv6 nht resolve-via-default
vrf red
  vni 100
exit-vrf

route-map allowall permit 1
router bgp 64512
  no bgp ebgp-requires-policy
  no bgp network import-check
  no bgp default ipv4-unicast
  neighbor 2001:db8::2 remote-as 64512
  
  
  

  address-family ipv6 unicast
    neighbor 2001:db8::2 activate
    neighbor 2001:db8::2 allowas-in
  exit-address-family
  address-family ipv4 unicast
    network 100.64.0.1/32
  exit-address-family

  address-family l2vpn evpn
    neighbor 2001:db8::2 activate
    neighbor 2001:db8::2 allowas-in
    advertise-all-vni
    advertise-svi-ip
  exit-address-family

router bgp 64512 vrf red
  no bgp ebgp-requires-policy
  no bgp network import-check
  no bgp default ipv4-unicast

  neighbor 2001:db8::2 remote-as 64512

  address-family ipv4 unicast
    neighbor 2001:db8::2 activate
    neighbor 2001:db8::2 route-map allowall in
    neighbor 2001:db8::2 route-map allowall out
  exit-address-family

  address-family ipv6 unicast
    network 2001:db8::2/64
    neighbor 2001:db8::2 activate
    neighbor 2001:db8::2 route-map allowall in
    neighbor 2001:db8::2 route-map allowall out
  exit-address-family

  address-family l2vpn evpn
    advertise ipv4 unicast
    advertise ipv6 unicast
  exit-address-family
exit
