log file /etc/frr/frr.log 
log timestamp precision 3
hostname cnfdc8.t5g-dev.eng.rdu2.dc.redhat.com
ip nht resolve-via-default
ipv6 nht resolve-via-default

route-map allowall permit 1
